###############################################################################
#
# IAR ELF Linker V8.40.2.214/W32 for ARM                  15/Oct/2020  22:30:47
# Copyright 2007-2019 IAR Systems AB.
#
#    Output file  =
#        C:\Users\mircc\Desktop\Универ зло\4
#        курс\Колодий\Laba2\Debug\Exe\workspace_laba2.out
#    Map file     =
#        C:\Users\mircc\Desktop\Универ зло\4
#        курс\Колодий\Laba2\Debug\List\workspace_laba2.map
#    Command line =
#        -f C:\Users\mircc\AppData\Local\Temp\EW74CA.tmp
#        ("C:\Users\mircc\Desktop\Универ зло\4
#        курс\Колодий\Laba2\Debug\Obj\main.o" --no_out_extension -o
#        "C:\Users\mircc\Desktop\Универ зло\4
#        курс\Колодий\Laba2\Debug\Exe\workspace_laba2.out"
#        --redirect _Printf=_PrintfFullNoMb --redirect _Scanf=_ScanfFullNoMb
#        --map "C:\Users\mircc\Desktop\Универ зло\4
#        курс\Колодий\Laba2\Debug\List\workspace_laba2.map" --config
#        "C:\Program Files (x86)\IAR Systems\Embedded Workbench
#        8.3\arm\config\linker\ST\stm32f411xE.icf" --semihosting --entry
#        __iar_program_start --vfe --text_out locale)
#
###############################################################################

*******************************************************************************
*** RUNTIME MODEL ATTRIBUTES
***

CppFlavor                     = *
__CPP_Exceptions              = Disabled
__CPP_Language                = C++14
__Heap_Handler                = DLMalloc
__SystemLibrary               = DLib
__dlib_dynamic_initialization = normal
__dlib_version                = 6


*******************************************************************************
*** HEAP SELECTION
***

The advanced heap was selected because the application calls memory
allocation functions outside of system library functions, and there
are calls to deallocation functions in the application.


*******************************************************************************
*** PLACEMENT SUMMARY
***

"A0":  place at address 0x800'0000 { ro section .intvec };
"P1":  place in [from 0x800'0000 to 0x807'ffff] { ro };
define block CSTACK with size = 8K, alignment = 8 { };
define block HEAP with size = 8K, alignment = 8 { };
"P2":  place in [from 0x2000'0000 to 0x2001'ffff] {
          rw, block CSTACK, block HEAP };
initialize by copy { rw };

  Section                Kind         Address    Size  Object
  -------                ----         -------    ----  ------
"A0":                                            0x40
  .intvec                ro code   0x800'0000    0x40  vector_table_M.o [5]
                                 - 0x800'0040    0x40

"P1":                                          0x4e28
  .text                  ro code   0x800'0040  0x149c  dlmalloc.o [2]
  .text                  ro code   0x800'14dc     0x6  abort.o [2]
  .text                  ro code   0x800'14e2    0x3a  zero_init3.o [5]
  .text                  ro code   0x800'151c    0x2c  xgetmemchunk.o [2]
  .text                  ro code   0x800'1548    0x14  exit.o [6]
  .text                  ro code   0x800'155c    0x7c  iarttio.o [6]
  .text                  ro code   0x800'15d8    0x3c  XShttio.o [2]
  .text                  ro code   0x800'1614   0xfaa  xprintffull_nomb.o [2]
  .text                  ro code   0x800'25be    0x2e  copy_init3.o [5]
  .text                  ro code   0x800'25ec    0x16  strchr.o [5]
  .text                  ro code   0x800'2602     0xa  xsprout.o [2]
  .text                  ro code   0x800'260c    0x40  xfail_s.o [2]
  .text                  ro code   0x800'264c    0x36  strlen.o [5]
  .text                  ro code   0x800'2682     0x6  iostream_cout.o [3]
  .text                  ro code   0x800'2688    0x58  memchr.o [5]
  .text                  ro code   0x800'26e0    0x76  ABImemcpy_unaligned.o [5]
  .rodata                const     0x800'2756     0x2  main.o [1]
  .text                  ro code   0x800'2758    0x70  frexp.o [4]
  .text                  ro code   0x800'27c8    0x2e  DblCmpLe.o [4]
  .text                  ro code   0x800'27f6     0x2  iostream_cout.o [3]
  .text                  ro code   0x800'27f8    0x2e  DblCmpGe.o [4]
  .text                  ro code   0x800'2826     0x2  iostream_cout.o [3]
  .text                  ro code   0x800'2828   0x13a  ldexp.o [4]
  .text                  ro code   0x800'2962     0x2  vector_table_M.o [5]
  .text                  ro code   0x800'2964    0x3a  DblToS32.o [4]
  .rodata                const     0x800'299e     0x1  main.o [1]
  .rodata                const     0x800'299f     0x1  main.o [1]
  .text                  ro code   0x800'29a0    0x22  S32ToDbl.o [4]
  .rodata                const     0x800'29c2     0x1  unwind_debug.o [6]
  .text                  ro code   0x800'29c4    0xe2  DblSub.o [4]
  .text                  ro code   0x800'2aa8   0x246  DblDiv.o [4]
  .text                  ro code   0x800'2cf0    0x28  DblToU32.o [4]
  .text                  ro code   0x800'2d18    0x1a  U32ToDbl.o [4]
  .text                  ro code   0x800'2d34   0x1a2  DblMul.o [4]
  .text                  ro code   0x800'2ed8   0x230  I64DivMod.o [5]
  .text                  ro code   0x800'3108   0x17a  DblAdd.o [4]
  .text                  ro code   0x800'3284     0x2  I64DivZer.o [5]
  .text                  ro code   0x800'3288   0x2ac  main.o [1]
  .text                  ro code   0x800'3534     0x4  main.o [1]
  .text                  ro code   0x800'3538     0x6  main.o [1]
  .text                  ro code   0x800'353e    0x22  strcspn.o [2]
  .text                  ro code   0x800'3560    0x20  main.o [1]
  .text                  ro code   0x800'3580     0x6  main.o [1]
  .text                  ro code   0x800'3586    0x2a  main.o [1]
  .text                  ro code   0x800'35b0     0xc  main.o [1]
  .text                  ro code   0x800'35bc    0x12  main.o [1]
  .text                  ro code   0x800'35d0    0x30  main.o [1]
  .text                  ro code   0x800'3600     0xa  main.o [1]
  .text                  ro code   0x800'360a     0xa  main.o [1]
  .text                  ro code   0x800'3614    0x96  main.o [1]
  .text                  ro code   0x800'36aa     0xa  main.o [1]
  .text                  ro code   0x800'36b4     0xc  main.o [1]
  .text                  ro code   0x800'36c0     0xa  main.o [1]
  .text                  ro code   0x800'36ca     0x4  main.o [1]
  .text                  ro code   0x800'36ce    0x2e  main.o [1]
  .text                  ro code   0x800'36fc    0x2e  main.o [1]
  .text                  ro code   0x800'372a     0x8  main.o [1]
  .text                  ro code   0x800'3732    0x12  main.o [1]
  .text                  ro code   0x800'3744    0x18  main.o [1]
  .text                  ro code   0x800'375c     0x8  main.o [1]
  .text                  ro code   0x800'3764    0x7a  main.o [1]
  .text                  ro code   0x800'37de    0x3a  main.o [1]
  .text                  ro code   0x800'3818     0xc  main.o [1]
  .text                  ro code   0x800'3824    0x18  main.o [1]
  .text                  ro code   0x800'383c     0xa  cxxabi.o [3]
  .text                  ro code   0x800'3846     0xa  main.o [1]
  .text                  ro code   0x800'3850    0x7a  main.o [1]
  .text                  ro code   0x800'38ca    0x12  main.o [1]
  .text                  ro code   0x800'38dc    0x2a  main.o [1]
  .text                  ro code   0x800'3906    0x28  main.o [1]
  .text                  ro code   0x800'392e     0xc  main.o [1]
  .text                  ro code   0x800'393a     0xa  main.o [1]
  .text                  ro code   0x800'3944     0x2  main.o [1]
  .text                  ro code   0x800'3946    0x2e  main.o [1]
  .text                  ro code   0x800'3974     0x2  main.o [1]
  .text                  ro code   0x800'3976     0x8  main.o [1]
  .text                  ro code   0x800'3980    0x18  main.o [1]
  .text                  ro code   0x800'3998     0xa  main.o [1]
  .text                  ro code   0x800'39a2     0x8  main.o [1]
  .text                  ro code   0x800'39aa     0x8  main.o [1]
  .text                  ro code   0x800'39b2     0x8  main.o [1]
  .text                  ro code   0x800'39ba     0x8  main.o [1]
  .text                  ro code   0x800'39c2    0x12  main.o [1]
  .text                  ro code   0x800'39d4     0x8  main.o [1]
  .text                  ro code   0x800'39dc     0x8  main.o [1]
  .text                  ro code   0x800'39e4    0x12  main.o [1]
  .text                  ro code   0x800'39f6     0x8  main.o [1]
  .text                  ro code   0x800'3a00    0xa0  cppinit.o [2]
  .text                  ro code   0x800'3aa0    0x18  main.o [1]
  .text                  ro code   0x800'3ab8    0xd6  main.o [1]
  .text                  ro code   0x800'3b90    0x78  ABImemmove_unaligned.o [5]
  .text                  ro code   0x800'3c08     0x6  main.o [1]
  .text                  ro code   0x800'3c0e    0x10  main.o [1]
  .text                  ro code   0x800'3c1e     0x8  main.o [1]
  .text                  ro code   0x800'3c26    0x12  main.o [1]
  .text                  ro code   0x800'3c38    0x32  main.o [1]
  .text                  ro code   0x800'3c6a    0x12  main.o [1]
  .text                  ro code   0x800'3c7c     0xc  main.o [1]
  .text                  ro code   0x800'3c88    0x1c  main.o [1]
  .text                  ro code   0x800'3ca4     0x2  main.o [1]
  .text                  ro code   0x800'3ca6     0x8  main.o [1]
  .text                  ro code   0x800'3cae     0x2  main.o [1]
  .text                  ro code   0x800'3cb0     0xc  main.o [1]
  .text                  ro code   0x800'3cbc     0x2  main.o [1]
  .text                  ro code   0x800'3cc0    0x28  main.o [1]
  .text                  ro code   0x800'3ce8     0x8  main.o [1]
  .text                  ro code   0x800'3cf0     0x8  main.o [1]
  .text                  ro code   0x800'3cf8     0x8  main.o [1]
  .text                  ro code   0x800'3d00     0x2  main.o [1]
  .text                  ro code   0x800'3d02    0x18  main.o [1]
  .text                  ro code   0x800'3d1c    0x66  ABImemset.o [5]
  .text                  ro code   0x800'3d82     0x2  main.o [1]
  .text                  ro code   0x800'3d84    0x18  main.o [1]
  .text                  ro code   0x800'3d9c     0xe  main.o [1]
  .text                  ro code   0x800'3daa     0x4  main.o [1]
  .text                  ro code   0x800'3dae     0x2  main.o [1]
  .text                  ro code   0x800'3db0     0x8  main.o [1]
  .text                  ro code   0x800'3db8     0xa  main.o [1]
  .text                  ro code   0x800'3dc2     0x2  main.o [1]
  .text                  ro code   0x800'3dc4     0x8  main.o [1]
  .text                  ro code   0x800'3dcc    0x70  main.o [1]
  .text                  ro code   0x800'3e3c     0x4  main.o [1]
  .text                  ro code   0x800'3e40     0x2  main.o [1]
  .text                  ro code   0x800'3e42     0x8  main.o [1]
  .text                  ro code   0x800'3e4a     0xe  main.o [1]
  .text                  ro code   0x800'3e58     0x2  main.o [1]
  .text                  ro code   0x800'3e5a    0x18  main.o [1]
  .text                  ro code   0x800'3e72     0x2  main.o [1]
  .text                  ro code   0x800'3e74     0xa  delop_0.o [3]
  .text                  ro code   0x800'3e7e    0x34  main.o [1]
  .text                  ro code   0x800'3eb2    0x1a  main.o [1]
  .text                  ro code   0x800'3ecc     0x6  main.o [1]
  .text                  ro code   0x800'3ed2    0x12  main.o [1]
  .text                  ro code   0x800'3ee4    0x20  main.o [1]
  .text                  ro code   0x800'3f04     0x4  heaptramp0.o [2]
  .text                  ro code   0x800'3f08    0x24  newop_0.o [3]
  .text                  ro code   0x800'3f2c     0x4  main.o [1]
  .text                  ro code   0x800'3f30     0x4  nomemory.o [3]
  .text                  ro code   0x800'3f34   0x190  main.o [1]
  .text                  ro code   0x800'40c4     0x4  main.o [1]
  .text                  ro code   0x800'40c8    0x20  DblCmpEq.o [4]
  .text                  ro code   0x800'40e8    0xd2  main.o [1]
  .text                  ro code   0x800'41bc    0x40  sprintf.o [2]
  .text                  ro code   0x800'41fc   0x104  ios.o [3]
  .text                  ro code   0x800'4300     0x4  delop4_0.o [3]
  .text                  ro code   0x800'4304    0xae  main.o [1]
  .text                  ro code   0x800'43b2    0x72  main.o [1]
  .text                  ro code   0x800'4424     0x4  main.o [1]
  .text                  ro code   0x800'4428    0x20  main.o [1]
  .text                  ro code   0x800'4448     0x6  main.o [1]
  .text                  ro code   0x800'444e     0x4  main.o [1]
  .text                  ro code   0x800'4452     0x8  main.o [1]
  .text                  ro code   0x800'445a    0x18  main.o [1]
  .text                  ro code   0x800'4472     0x4  main.o [1]
  .text                  ro code   0x800'4476     0x8  main.o [1]
  .text                  ro code   0x800'447e    0x28  main.o [1]
  .text                  ro code   0x800'44a6     0xe  main.o [1]
  .text                  ro code   0x800'44b4     0x8  main.o [1]
  .text                  ro code   0x800'44bc    0x14  main.o [1]
  .text                  ro code   0x800'44d0     0x4  main.o [1]
  .text                  ro code   0x800'44d4    0x54  main.o [1]
  .text                  ro code   0x800'4528    0x18  main.o [1]
  .text                  ro code   0x800'4540     0x4  main.o [1]
  .text                  ro code   0x800'4544    0x18  main.o [1]
  .text                  ro code   0x800'455c     0x8  main.o [1]
  .text                  ro code   0x800'4564    0x28  main.o [1]
  .text                  ro code   0x800'458c     0xa  main.o [1]
  .text                  ro code   0x800'4596    0x14  main.o [1]
  .text                  ro code   0x800'45aa     0x8  main.o [1]
  .text                  ro code   0x800'45b2     0x8  main.o [1]
  .text                  ro code   0x800'45ba    0x54  main.o [1]
  .text                  ro code   0x800'460e     0x8  main.o [1]
  .text                  ro code   0x800'4618     0xc  main.o [1]
  .text                  ro code   0x800'4624    0x48  main.o [1]
  .text                  ro code   0x800'466c    0x46  main.o [1]
  .text                  ro code   0x800'46b4    0x90  iostream_cout.o [3]
  .text                  ro code   0x800'4744    0x5c  iostream_cout.o [3]
  .text                  ro code   0x800'47a0    0x7c  main.o [1]
  .text                  ro code   0x800'481c    0x22  main.o [1]
  .text                  ro code   0x800'483e    0x6c  main.o [1]
  .text                  ro code   0x800'48aa    0x76  main.o [1]
  .text                  ro code   0x800'4920    0x52  main.o [1]
  .text                  ro code   0x800'4972    0x32  main.o [1]
  .rodata                const     0x800'49a4    0x44  iostream_cout.o [3]
  .rodata                const     0x800'49e8    0x44  iostream_cout.o [3]
  .text                  ro code   0x800'4a2c    0x38  main.o [1]
  .text                  ro code   0x800'4a64     0x6  main.o [1]
  .text                  ro code   0x800'4a6a    0x38  iostream_cout.o [3]
  .text                  ro code   0x800'4aa2    0x20  putchar.o [2]
  .text                  ro code   0x800'4ac2    0x10  write.o [6]
  .text                  ro code   0x800'4ad2    0x1e  dwrite.o [6]
  .text                  ro code   0x800'4af0    0x20  iarwstd.o [6]
  .text                  ro code   0x800'4b10    0x22  iarwrite.o [6]
  .rodata                const     0x800'4b34    0x30  main.o [1]
  .rodata                const     0x800'4b64    0x30  main.o [1]
  .text                  ro code   0x800'4b94    0x2e  main.o [1]
  .text                  ro code   0x800'4bc2    0x12  main.o [1]
  .rodata                const     0x800'4bd4    0x28  iostream_cout.o [3]
  .text                  ro code   0x800'4bfc    0x28  data_init.o [5]
  .rodata                const     0x800'4c24    0x24  main.o [1]
  .rodata                const     0x800'4c48    0x24  main.o [1]
  .text                  ro code   0x800'4c6c    0x24  main.o [1]
  .text                  ro code   0x800'4c90    0x18  main.o [1]
  .text                  ro code   0x800'4ca8    0x12  main.o [1]
  .text                  ro code   0x800'4cbc    0x22  fpinit_M.o [4]
  .iar.init_table        const     0x800'4ce0    0x28  - Linker created -
  .text                  ro code   0x800'4d08    0x20  cmain_call_ctors.o [5]
  .text                  ro code   0x800'4d28    0x1e  cmain.o [5]
  .text                  ro code   0x800'4d46     0x4  low_level_init.o [2]
  .text                  ro code   0x800'4d4a     0x4  exit.o [2]
  .text                  ro code   0x800'4d50     0xe  cexit.o [5]
  .text                  ro code   0x800'4d60    0x18  main.o [1]
  .text                  ro code   0x800'4d78    0x18  main.o [1]
  .text                  ro code   0x800'4d90     0x4  delaop_0.o [3]
  .text                  ro code   0x800'4d94    0x14  iostream_cout.o [3]
  .rodata                const     0x800'4da8    0x10  main.o [1]
  .rodata                const     0x800'4db8    0x10  main.o [1]
  .rodata                const     0x800'4dc8    0x10  ios.o [3]
  .rodata                const     0x800'4dd8    0x10  iostream_cout.o [3]
  Initializer bytes      const     0x800'4de8    0x10  <for P2-1>
  .text                  ro code   0x800'4df8     0xe  main.o [1]
  .text                  ro code   0x800'4e06     0x8  main.o [1]
  .text                  ro code   0x800'4e0e     0xe  iostream_cout.o [3]
  .text                  ro code   0x800'4e1c     0xc  cstartup_M.o [5]
  .text                  ro code   0x800'4e28     0xa  main.o [1]
  .rodata                const     0x800'4e34     0x8  main.o [1]
  .rodata                const     0x800'4e3c     0x8  main.o [1]
  .rodata                const     0x800'4e44     0x8  xprintffull_nomb.o [2]
  SHT$$PREINIT_ARRAY               0x800'4e4c     0x4  <Block>
    .preinit_array       const     0x800'4e4c     0x4  iostream_cout.o [3]
  SHT$$INIT_ARRAY                  0x800'4e50     0x4  <Block>
    .init_array          const     0x800'4e50     0x4  ios.o [3]
  __iar_tls$$INIT_ARRAY            0x800'4e54     0x0  <Block>
  .rodata                const     0x800'4e54     0x4  main.o [1]
  .rodata                const     0x800'4e58     0x4  main.o [1]
  .text                  ro code   0x800'4e5c     0x4  main.o [1]
  .text                  ro code   0x800'4e60     0x4  main.o [1]
  .text                  ro code   0x800'4e64     0x4  iostream_cout.o [3]
  .text                  ro code   0x800'4e68     0x0  cstart_call_dtors.o [5]
  .rodata                const     0x800'4e68     0x0  zero_init3.o [5]
  .rodata                const     0x800'4e68     0x0  copy_init3.o [5]
                                 - 0x800'4e68  0x4e28

"P2", part 1 of 3:                               0x10
  P2-1                            0x2000'0000    0x10  <Init block>
    .data                inited   0x2000'0000     0x8  main.o [1]
    .data                inited   0x2000'0008     0x8  XShttio.o [2]
                                - 0x2000'0010    0x10

"P2", part 2 of 3:                              0x2d8
  .bss                   zero     0x2000'0010   0x1d8  dlmalloc.o [2]
  .bss                   zero     0x2000'01e8    0x70  iostream_cout.o [3]
  .bss                   zero     0x2000'0258    0x34  ios.o [3]
  .bss                   zero     0x2000'028c    0x18  dlmalloc.o [2]
  .bss                   zero     0x2000'02a4    0x14  main.o [1]
  .bss                   zero     0x2000'02b8    0x10  ios.o [3]
  .bss                   zero     0x2000'02c8     0x4  main.o [1]
  .bss                   zero     0x2000'02cc     0x4  main.o [1]
  .bss                   zero     0x2000'02d0     0x4  cppinit.o [2]
  .bss                   zero     0x2000'02d4     0x4  cppinit.o [2]
  .bss                   zero     0x2000'02d8     0x4  new.o [3]
  .bss                   zero     0x2000'02dc     0x4  xfail_s.o [2]
  .bss                   zero     0x2000'02e0     0x4  xgetmemchunk.o [2]
  .bss                   zero     0x2000'02e4     0x1  main.o [1]
  .bss                   zero     0x2000'02e5     0x1  main.o [1]
  .bss                   zero     0x2000'02e6     0x1  main.o [1]
  .bss                   zero     0x2000'02e7     0x1  XShttio.o [2]
                                - 0x2000'02e8   0x2d8

"P2", part 3 of 3:                             0x41a8
  .iar.dynexit                    0x2000'02e8   0x1a4  <Block>
    .iar.dynexit         uninit   0x2000'02e8     0xc  cppinit.o [2]
    .iar.dynexit         uninit   0x2000'02f4   0x198  <Block tail>
  CSTACK                          0x2000'0490  0x2000  <Block>
    CSTACK               uninit   0x2000'0490  0x2000  <Block tail>
  HEAP                            0x2000'2490  0x2000  <Block>
    HEAP                 uninit   0x2000'2490  0x2000  <Block tail>
                                - 0x2000'4490  0x41a8

Unused ranges:

         From           To      Size
         ----           --      ----
   0x800'4e68   0x807'ffff  0x7'b198
  0x2000'4490  0x2001'ffff  0x1'bb70


*******************************************************************************
*** INIT TABLE
***

          Address      Size
          -------      ----
Zero (__iar_zero_init3)
    1 destination range, total size 0x2d8:
          0x2000'0010  0x2d8

Copy (__iar_copy_init3)
    1 source range, total size 0x10:
           0x800'4de8   0x10
    1 destination range, total size 0x10:
          0x2000'0000   0x10

Extra (__iar_cstart_call_ctors)



*******************************************************************************
*** MODULE SUMMARY
***

    Module                  ro code  ro data  rw data
    ------                  -------  -------  -------
command line/config:
    -------------------------------------------------
    Total:

C:\Users\mircc\Desktop\Универ зло\4 курс\Колодий\Laba2\Debug\Obj: [1]
    main.o                    5'114      236       39
    -------------------------------------------------
    Total:                    5'114      236       39

dl7M_tln.a: [2]
    XShttio.o                    60        8        9
    abort.o                       6
    cppinit.o                   160                20
    dlmalloc.o                5'276               496
    exit.o                        4
    heaptramp0.o                  4
    low_level_init.o              4
    putchar.o                    32
    sprintf.o                    64
    strcspn.o                    34
    xfail_s.o                    64                 4
    xgetmemchunk.o               44                 4
    xprintffull_nomb.o        4'010        8
    xsprout.o                    10
    -------------------------------------------------
    Total:                    9'772       16      533

dlpp7M_tl_nc.a: [3]
    cxxabi.o                     10
    delaop_0.o                    4
    delop4_0.o                    4
    delop_0.o                    10
    ios.o                       260       20       68
    iostream_cout.o             340      196      112
    new.o                                           4
    newop_0.o                    36
    nomemory.o                    4
    -------------------------------------------------
    Total:                      668      216      184

m7M_tls.a: [4]
    DblAdd.o                    378
    DblCmpEq.o                   32
    DblCmpGe.o                   46
    DblCmpLe.o                   46
    DblDiv.o                    582
    DblMul.o                    418
    DblSub.o                    226
    DblToS32.o                   58
    DblToU32.o                   40
    S32ToDbl.o                   34
    U32ToDbl.o                   26
    fpinit_M.o                   34
    frexp.o                     112
    ldexp.o                     314
    -------------------------------------------------
    Total:                    2'346

rt7M_tl.a: [5]
    ABImemcpy_unaligned.o       118
    ABImemmove_unaligned.o      120
    ABImemset.o                 102
    I64DivMod.o                 560
    I64DivZer.o                   2
    cexit.o                      14
    cmain.o                      30
    cmain_call_ctors.o           32
    copy_init3.o                 46
    cstart_call_dtors.o
    cstartup_M.o                 12
    data_init.o                  40
    memchr.o                     88
    strchr.o                     22
    strlen.o                     54
    vector_table_M.o             66
    zero_init3.o                 58
    -------------------------------------------------
    Total:                    1'364

shb_l.a: [6]
    dwrite.o                     30
    exit.o                       20
    iarttio.o                   124
    iarwrite.o                   34
    iarwstd.o                    32
    unwind_debug.o                         1
    write.o                      16
    -------------------------------------------------
    Total:                      256        1

    Gaps                         37        6
    Linker created                        40   16'792
-----------------------------------------------------
    Grand Total:             19'557      515   17'548


*******************************************************************************
*** ENTRY LIST
***

Entry                       Address   Size  Type      Object
-----                       -------   ----  ----      ------
.iar.dynexit$$Base      0x2000'02e8          --   Gb  - Linker created -
.iar.dynexit$$Limit     0x2000'048c          --   Gb  - Linker created -
.iar.init_table$$Base    0x800'4ce0          --   Gb  - Linker created -
.iar.init_table$$Limit   0x800'4d08          --   Gb  - Linker created -
?main                    0x800'4d29         Code  Gb  cmain.o [5]
CSTACK$$Base            0x2000'0490          --   Gb  - Linker created -
CSTACK$$Limit           0x2000'2490          --   Gb  - Linker created -
DtorRecArray            0x2000'02e8    0xc  Data  Lc  cppinit.o [2]
HEAP$$Base              0x2000'2490          --   Gb  - Linker created -
HEAP$$Limit             0x2000'4490          --   Gb  - Linker created -
Initialization guard variable for std::ctype<char> const & std::use_facet<std::ctype<char>>()::_MyFacet
                        0x2000'02e5    0x1  Data  Gb  main.o [1]
Initialization guard variable for std::num_put<char, std::ostreambuf_iterator<char, std::char_traits<char>>> const & std::use_facet<std::num_put<char, std::ostreambuf_iterator<char, std::char_traits<char>>>>()::_MyFacet
                        0x2000'02e4    0x1  Data  Gb  main.o [1]
Initialization guard variable for std::numpunct<char> const & std::use_facet<std::numpunct<char>>()::_MyFacet
                        0x2000'02e6    0x1  Data  Gb  main.o [1]
Region$$Table$$Base      0x800'4ce0          --   Gb  - Linker created -
Region$$Table$$Limit     0x800'4d08          --   Gb  - Linker created -
SHT$$INIT_ARRAY$$Base    0x800'4e50          --   Gb  - Linker created -
SHT$$INIT_ARRAY$$Limit   0x800'4e54          --   Gb  - Linker created -
SHT$$PREINIT_ARRAY$$Base
                         0x800'4e4c          --   Gb  - Linker created -
SHT$$PREINIT_ARRAY$$Limit
                         0x800'4e50          --   Gb  - Linker created -
Virtual function table for std::_Wrap_facet<std::ctype<char>>
                         0x800'4db8   0x10  Data  Gb  main.o [1]
Virtual function table for std::_Wrap_facet<std::num_put<char, std::ostreambuf_iterator<char, std::char_traits<char>>>>
                         0x800'4b64   0x30  Data  Gb  main.o [1]
Virtual function table for std::_Wrap_facet<std::numpunct<char>>
                         0x800'4c48   0x24  Data  Gb  main.o [1]
Virtual function table for std::__nobasic_filebuf<char, std::char_traits<char>>
                         0x800'49e8   0x44  Data  Gb  iostream_cout.o [3]
Virtual function table for std::ctype<char>
                         0x800'4da8   0x10  Data  Gb  main.o [1]
Virtual function table for std::ios
                         0x800'4dd8   0x10  Data  Gb  iostream_cout.o [3]
Virtual function table for std::ios_base
                         0x800'4dc8   0x10  Data  Gb  ios.o [3]
Virtual function table for std::num_put<char, std::ostreambuf_iterator<char, std::char_traits<char>>>
                         0x800'4b34   0x30  Data  Gb  main.o [1]
Virtual function table for std::numpunct<char>
                         0x800'4c24   0x24  Data  Gb  main.o [1]
Virtual function table for std::ostream
                         0x800'4bd4   0x28  Data  Gb  iostream_cout.o [3]
Virtual function table for std::streambuf
                         0x800'49a4   0x44  Data  Gb  iostream_cout.o [3]
[local to ios_cpp]::std::stdopens
                        0x2000'0258    0xc  Data  Lc  ios.o [3]
[local to ios_cpp]::std::stdstr
                        0x2000'0264   0x28  Data  Lc  ios.o [3]
[local to iostream_cout_cpp]::std::__iarcoutguard
                        0x2000'0214    0x1  Data  Lc  iostream_cout.o [3]
[local to iostream_cout_cpp]::std::fout
                        0x2000'0218   0x40  Data  Lc  iostream_cout.o [3]
_LitobFullNoMb           0x800'23b9  0x10a  Code  Lc  xprintffull_nomb.o [2]
_PrintfFullNoMb          0x800'1615  0xd80  Code  Gb  xprintffull_nomb.o [2]
_PutcharFullNoMb         0x800'2529   0x20  Code  Lc  xprintffull_nomb.o [2]
_PutcharsFullNoMb        0x800'2549   0x2e  Code  Lc  xprintffull_nomb.o [2]
_SProut                  0x800'2603    0xa  Code  Gb  xsprout.o [2]
__aeabi_atexit           0x800'383d    0xa  Code  Gb  cxxabi.o [3]
__aeabi_cdcmpeq          0x800'40c9         Code  Gb  DblCmpEq.o [4]
__aeabi_cdcmple          0x800'27c9         Code  Gb  DblCmpLe.o [4]
__aeabi_cdrcmple         0x800'27f9         Code  Gb  DblCmpGe.o [4]
__aeabi_d2iz             0x800'2965         Code  Gb  DblToS32.o [4]
__aeabi_d2uiz            0x800'2cf1         Code  Gb  DblToU32.o [4]
__aeabi_dadd             0x800'3109         Code  Gb  DblAdd.o [4]
__aeabi_ddiv             0x800'2aa9         Code  Gb  DblDiv.o [4]
__aeabi_dmul             0x800'2d35         Code  Gb  DblMul.o [4]
__aeabi_dsub             0x800'29c5         Code  Gb  DblSub.o [4]
__aeabi_i2d              0x800'29a1         Code  Gb  S32ToDbl.o [4]
__aeabi_ldiv0            0x800'3285         Code  Gb  I64DivZer.o [5]
__aeabi_memset           0x800'3d1d         Code  Gb  ABImemset.o [5]
__aeabi_ui2d             0x800'2d19         Code  Gb  U32ToDbl.o [4]
__aeabi_uldivmod         0x800'2ed9         Code  Gb  I64DivMod.o [5]
__call_ctors             0x800'3a01   0x18  Code  Gb  cppinit.o [2]
__call_dtors             0x800'3a4f    0xc  Code  Gb  cppinit.o [2]
__call_dtors0            0x800'3a5b   0x36  Code  Gb  cppinit.o [2]
__cexit_call_dtors       0x800'4d53         Code  Gb  cexit.o [5]
__cmain                  0x800'4d29         Code  Gb  cmain.o [5]
__cstart_call_dtors      0x800'4e68         Data  Gb  cstart_call_dtors.o [5]
__cxa_atexit             0x800'3a19   0x36  Code  Gb  cppinit.o [2]
__data_GetMemChunk       0x800'151d   0x2c  Code  Gb  xgetmemchunk.o [2]
__data_GetMemChunk::start
                        0x2000'02e0    0x4  Data  Lc  xgetmemchunk.o [2]
__dso_handle            0x2000'02d4    0x4  Data  Gb  cppinit.o [2]
__dwrite                 0x800'4ad3   0x1e  Code  Gb  dwrite.o [6]
__exit                   0x800'1549   0x14  Code  Gb  exit.o [6]
__iar_Fail_s             0x800'260d   0x1c  Code  Gb  xfail_s.o [2]
__iar_Memchr             0x800'2689         Code  Gb  memchr.o [5]
__iar_Memset             0x800'3d1d         Code  Gb  ABImemset.o [5]
__iar_Memset_word        0x800'3d25         Code  Gb  ABImemset.o [5]
__iar_Strchr             0x800'25ed         Code  Gb  strchr.o [5]
__iar_close_ttio         0x800'155d   0x2c  Code  Gb  iarttio.o [6]
__iar_copy_init3         0x800'25bf   0x2e  Code  Gb  copy_init3.o [5]
__iar_cstart_call_ctors
                         0x800'4d09   0x20  Code  Gb  cmain_call_ctors.o [5]
__iar_dadd               0x800'29d5         Code  Gb  DblSub.o [4]
__iar_data_init3         0x800'4bfd   0x28  Code  Gb  data_init.o [5]
__iar_debug_exceptions   0x800'29c2    0x1  Data  Gb  unwind_debug.o [6]
__iar_dlfree             0x800'0fb7  0x51e  Code  Gb  dlmalloc.o [2]
__iar_dlmalloc           0x800'00c9  0xeee  Code  Gb  dlmalloc.o [2]
__iar_dsub               0x800'3119         Code  Gb  DblAdd.o [4]
__iar_dsubStart          0x800'312b         Code  Gb  DblAdd.o [4]
__iar_frexp              0x800'2765         Code  Gb  frexp.o [4]
__iar_frexpl             0x800'2765         Code  Gb  frexp.o [4]
__iar_get_ttio           0x800'1589   0x4c  Code  Gb  iarttio.o [6]
__iar_init_vfp           0x800'4cbd         Code  Gb  fpinit_M.o [4]
__iar_ldexp64            0x800'2829         Code  Gb  ldexp.o [4]
__iar_lookup_ttioh       0x800'1607    0x4  Code  Gb  XShttio.o [2]
__iar_program_start      0x800'4e1d         Code  Gb  cstartup_M.o [5]
__iar_scalbln64          0x800'2829         Code  Gb  ldexp.o [4]
__iar_scalbn64           0x800'2829         Code  Gb  ldexp.o [4]
__iar_sh_stdout          0x800'4af1   0x20  Code  Gb  iarwstd.o [6]
__iar_sh_write           0x800'4b11   0x22  Code  Gb  iarwrite.o [6]
__iar_softfp___iar_frexp64
                         0x800'2759         Code  Gb  frexp.o [4]
__iar_softfp_frexp       0x800'2759         Code  Gb  frexp.o [4]
__iar_softfp_frexpl      0x800'2759         Code  Gb  frexp.o [4]
__iar_tls$$INIT_ARRAY$$Base
                         0x800'4e54          --   Gb  - Linker created -
__iar_tls$$INIT_ARRAY$$Limit
                         0x800'4e54          --   Gb  - Linker created -
__iar_ttio_guard_lock    0x800'15d9   0x1e  Code  Gb  XShttio.o [2]
__iar_ttio_guard_unlock
                         0x800'15f7   0x10  Code  Gb  XShttio.o [2]
__iar_ttio_handles      0x2000'0008    0x8  Data  Lc  XShttio.o [2]
__iar_unaligned_memcpy   0x800'26e1         Code  Gb  ABImemcpy_unaligned.o [5]
__iar_unaligned_memcpy4
                         0x800'2701         Code  Gb  ABImemcpy_unaligned.o [5]
__iar_unaligned_memcpy8
                         0x800'2701         Code  Gb  ABImemcpy_unaligned.o [5]
__iar_unaligned_memmove
                         0x800'3b91         Code  Gb  ABImemmove_unaligned.o [5]
__iar_unaligned_memmove4
                         0x800'3b91         Code  Gb  ABImemmove_unaligned.o [5]
__iar_unaligned_memmove8
                         0x800'3b91         Code  Gb  ABImemmove_unaligned.o [5]
__iar_zero_init3         0x800'14e3   0x3a  Code  Gb  zero_init3.o [5]
__low_level_init         0x800'4d47    0x4  Code  Gb  low_level_init.o [2]
__sti__routine           0x800'41ff    0xa  Code  Lc  ios.o [3]
__sti__routine           0x800'46b5   0x90  Code  Lc  iostream_cout.o [3]
__vector_table           0x800'0000         Data  Gb  vector_table_M.o [5]
__write                  0x800'4ac3   0x10  Code  Gb  write.o [6]
_call_main               0x800'4d35         Code  Gb  cmain.o [5]
_exit                    0x800'4d51         Code  Gb  cexit.o [5]
_gm_                    0x2000'0010  0x1d8  Data  Lc  dlmalloc.o [2]
_main                    0x800'4d43         Code  Gb  cmain.o [5]
abort                    0x800'14dd    0x6  Code  Gb  abort.o [2]
char * && std::forward<char *>(std::remove_reference<char *>::type &)
                         0x800'3e59    0x2  Code  Gb  main.o [1]
char * std::_Addressof<char>(char &, std::integral_constant<bool, (bool)0>)
                         0x800'3caf    0x2  Code  Gb  main.o [1]
char * std::_Allocate<char>(unsigned int, char *, bool)
                         0x800'3ed3   0x12  Code  Gb  main.o [1]
char * std::_Maklocstr<char>(char const *, char *)
                         0x800'3e7f   0x34  Code  Gb  main.o [1]
char * std::addressof<char>(char &)
                         0x800'39bb    0x8  Code  Gb  main.o [1]
char std::_Maklocchr<char>(char, char *)
                         0x800'3e3d    0x4  Code  Gb  main.o [1]
const std::allocator<char>& && std::forward<const std::allocator<char>&>(std::remove_reference<const std::allocator<char>&>::type &)
                         0x800'3daf    0x2  Code  Gb  main.o [1]
exit                     0x800'4d4b    0x4  Code  Gb  exit.o [2]
free                     0x800'3f05    0x4  Code  Gb  heaptramp0.o [2]
init_mparams             0x800'005b   0x2c  Code  Lc  dlmalloc.o [2]
init_top                 0x800'0087   0x34  Code  Lc  dlmalloc.o [2]
ldexp                    0x800'2829         Code  Gb  ldexp.o [4]
ldexpl                   0x800'2829         Code  Gb  ldexp.o [4]
main                     0x800'4a2d   0x38  Code  Gb  main.o [1]
memchr                   0x800'2689         Code  Gb  memchr.o [5]
mparams                 0x2000'028c   0x18  Data  Lc  dlmalloc.o [2]
myVar                   0x2000'0000    0x8  Data  Gb  main.o [1]
next_abi_dtor_rec       0x2000'02d0    0x4  Data  Lc  cppinit.o [2]
operator delete (void *)
                         0x800'3e75    0xa  Code  Gb  delop_0.o [3]
operator delete (void *, unsigned int)
                         0x800'4301    0x4  Code  Gb  delop4_0.o [3]
operator delete[] (void *)
                         0x800'4d91    0x4  Code  Gb  delaop_0.o [3]
operator new (unsigned int)
                         0x800'3f09   0x24  Code  Gb  newop_0.o [3]
operator new (unsigned int, void *)
                         0x800'3f2d    0x4  Code  Gb  main.o [1]
putchar                  0x800'4aa3   0x20  Code  Gb  putchar.o [2]
scalbln                  0x800'2829         Code  Gb  ldexp.o [4]
scalblnl                 0x800'2829         Code  Gb  ldexp.o [4]
scalbn                   0x800'2829         Code  Gb  ldexp.o [4]
scalbnl                  0x800'2829         Code  Gb  ldexp.o [4]
scale                    0x800'24c3   0x46  Code  Lc  xprintffull_nomb.o [2]
sec_hand                0x2000'02dc    0x4  Data  Lc  xfail_s.o [2]
segment_holding          0x800'0041   0x1a  Code  Lc  dlmalloc.o [2]
sprintf                  0x800'41bd   0x40  Code  Gb  sprintf.o [2]
std::_Compressed_pair<std::_Wrap_alloc<std::allocator<char>>, std::_String_val<std::_Simple_types<char>>, (bool)1>::_Compressed_pair<const std::allocator<char>&, >(std::_One_then_variadic_args_t, const std::allocator<char>& &&,  &&...)
                         0x800'3c89   0x1c  Code  Gb  main.o [1]
std::_Compressed_pair<std::_Wrap_alloc<std::allocator<char>>, std::_String_val<std::_Simple_types<char>>, (bool)1>::_Get_first()
                         0x800'3ca5    0x2  Code  Gb  main.o [1]
std::_Compressed_pair<std::_Wrap_alloc<std::allocator<char>>, std::_String_val<std::_Simple_types<char>>, (bool)1>::_Get_first() const
                         0x800'3e41    0x2  Code  Gb  main.o [1]
std::_Compressed_pair<std::_Wrap_alloc<std::allocator<char>>, std::_String_val<std::_Simple_types<char>>, (bool)1>::_Get_second()
                         0x800'3cbd    0x2  Code  Gb  main.o [1]
std::_Compressed_pair<std::_Wrap_alloc<std::allocator<char>>, std::_String_val<std::_Simple_types<char>>, (bool)1>::_Get_second() const
                         0x800'3d83    0x2  Code  Gb  main.o [1]
std::_Fpz               0x2000'02b8   0x10  Data  Gb  ios.o [3]
std::_NomemoryNothrow()
                         0x800'3f31    0x4  Code  Gb  nomemory.o [3]
std::_String_alloc<std::_String_base_types<char, std::allocator<char>>>::_Bx()
                         0x800'39a3    0x8  Code  Gb  main.o [1]
std::_String_alloc<std::_String_base_types<char, std::allocator<char>>>::_Get_data()
                         0x800'39dd    0x8  Code  Gb  main.o [1]
std::_String_alloc<std::_String_base_types<char, std::allocator<char>>>::_Get_data() const
                         0x800'3c1f    0x8  Code  Gb  main.o [1]
std::_String_alloc<std::_String_base_types<char, std::allocator<char>>>::_Getal()
                         0x800'39ab    0x8  Code  Gb  main.o [1]
std::_String_alloc<std::_String_base_types<char, std::allocator<char>>>::_Getal() const
                         0x800'3ce9    0x8  Code  Gb  main.o [1]
std::_String_alloc<std::_String_base_types<char, std::allocator<char>>>::_Myptr()
                         0x800'3819    0xc  Code  Gb  main.o [1]
std::_String_alloc<std::_String_base_types<char, std::allocator<char>>>::_Myptr() const
                         0x800'392f    0xc  Code  Gb  main.o [1]
std::_String_alloc<std::_String_base_types<char, std::allocator<char>>>::_Myres()
                         0x800'3999    0xa  Code  Gb  main.o [1]
std::_String_alloc<std::_String_base_types<char, std::allocator<char>>>::_Mysize()
                         0x800'3847    0xa  Code  Gb  main.o [1]
std::_String_alloc<std::_String_base_types<char, std::allocator<char>>>::_Mysize() const
                         0x800'393b    0xa  Code  Gb  main.o [1]
std::_String_alloc<std::_String_base_types<char, std::allocator<char>>>::_String_alloc(const std::allocator<char>&)
                         0x800'3981   0x18  Code  Gb  main.o [1]
std::_String_alloc<std::_String_base_types<char, std::allocator<char>>>::_String_alloc(const std::allocator<char>&) [subobject]
                         0x800'375d    0x8  Code  Gb  main.o [1]
std::_String_val<std::_Simple_types<char>>::_Myptr()
                         0x800'39e5   0x12  Code  Gb  main.o [1]
std::_String_val<std::_Simple_types<char>>::_Myptr() const
                         0x800'3c27   0x12  Code  Gb  main.o [1]
std::_String_val<std::_Simple_types<char>>::_String_val()
                         0x800'3db9    0xa  Code  Gb  main.o [1]
std::_Wrap_alloc<std::allocator<char>>::_Wrap_alloc(const std::allocator<char>&)
                         0x800'3e73    0x2  Code  Gb  main.o [1]
std::_Wrap_alloc<std::allocator<char>>::_Wrap_alloc(const std::allocator<char>&) [subobject]
                         0x800'3db1    0x8  Code  Gb  main.o [1]
std::_Wrap_alloc<std::allocator<char>>::allocate(unsigned int)
                         0x800'3cf9    0x8  Code  Gb  main.o [1]
std::_Wrap_alloc<std::allocator<char>>::deallocate(char *, unsigned int)
                         0x800'39d5    0x8  Code  Gb  main.o [1]
std::_Wrap_alloc<std::allocator<char>>::max_size(std::_Nil) const
                         0x800'3cf1    0x8  Code  Gb  main.o [1]
std::_Wrap_facet<std::ctype<char>>::_Wrap_facet()
                         0x800'3745   0x18  Code  Gb  main.o [1]
std::_Wrap_facet<std::num_put<char, std::ostreambuf_iterator<char, std::char_traits<char>>>>::_Wrap_facet()
                         0x800'4529   0x18  Code  Gb  main.o [1]
std::_Wrap_facet<std::numpunct<char>>::_Wrap_facet()
                         0x800'3825   0x18  Code  Gb  main.o [1]
std::_Wrap_facet<std::numpunct<char>>::~_Wrap_facet()
                         0x800'4df9    0xe  Code  Gb  main.o [1]
std::__iar_New_hand     0x2000'02d8    0x4  Data  Gb  new.o [3]
std::__iar_cout_guard::~__iar_cout_guard()
                         0x800'4d95   0x14  Code  Gb  iostream_cout.o [3]
std::__nobasic_filebuf<char, std::char_traits<char>>::__nobasic_filebuf()
                         0x800'4745   0x5c  Code  Gb  iostream_cout.o [3]
std::__nobasic_filebuf<char, std::char_traits<char>>::overflow(int)
                         0x800'4a6b   0x38  Code  Gb  iostream_cout.o [3]
std::allocator<char>::allocate(unsigned int)
                         0x800'3e4b    0xe  Code  Gb  main.o [1]
std::allocator<char>::deallocate(char *, unsigned int)
                         0x800'3cb1    0xc  Code  Gb  main.o [1]
std::allocator<char>::max_size() const
                         0x800'3ecd    0x6  Code  Gb  main.o [1]
std::allocator_traits<std::allocator<char>>::max_size(const std::allocator<char>&)
                         0x800'3e43    0x8  Code  Gb  main.o [1]
std::char_traits<char>::assign(char &, char const &)
                         0x800'3c09    0x6  Code  Gb  main.o [1]
std::char_traits<char>::assign(char *, unsigned int, char)
                         0x800'3c0f   0x10  Code  Gb  main.o [1]
std::char_traits<char>::copy(char *, char const *, unsigned int)
                         0x800'39c3   0x12  Code  Gb  main.o [1]
std::char_traits<char>::eq_int_type(int const &, int const &)
                         0x800'3c6b   0x12  Code  Gb  main.o [1]
std::char_traits<char>::length(char const *)
                         0x800'4ca9   0x12  Code  Gb  main.o [1]
std::char_traits<char>::move(char *, char const *, unsigned int)
                         0x800'38cb   0x12  Code  Gb  main.o [1]
std::char_traits<char>::to_int_type(char const &)
                         0x800'3dab    0x4  Code  Gb  main.o [1]
std::cout               0x2000'01e8   0x2c  Data  Gb  iostream_cout.o [3]
std::ctype<char> const & std::use_facet<std::ctype<char>>()
                         0x800'3561   0x20  Code  Gb  main.o [1]
std::ctype<char> const & std::use_facet<std::ctype<char>>()::_MyFacet
                        0x2000'02cc    0x4  Data  Gb  main.o [1]
std::ctype<char>::ctype()
                         0x800'3c7d    0xc  Code  Gb  main.o [1]
std::ctype<char>::ctype() [subobject]
                         0x800'3977    0x8  Code  Gb  main.o [1]
std::ctype<char>::widen(char const *, char const *, char *) const
                         0x800'35bd   0x12  Code  Gb  main.o [1]
std::ctype<char>::widen(char) const
                         0x800'3581    0x6  Code  Gb  main.o [1]
std::ios::clear(std::_Iosb<int>::_Iostate, bool)
                         0x800'4545   0x18  Code  Gb  main.o [1]
std::ios::fill() const   0x800'4449    0x6  Code  Gb  main.o [1]
std::ios::rdbuf() const
                         0x800'444f    0x4  Code  Gb  main.o [1]
std::ios::setstate(std::_Iosb<int>::_Iostate, bool)
                         0x800'447f   0x28  Code  Gb  main.o [1]
std::ios::tie() const    0x800'44d1    0x4  Code  Gb  main.o [1]
std::ios::widen(char) const
                         0x800'4bc3   0x12  Code  Gb  main.o [1]
std::ios_base::_Addstd(std::ios_base*)
                         0x800'4269   0x36  Code  Gb  ios.o [3]
std::ios_base::_Callfns(std::ios_base::event)
                         0x800'424d   0x1c  Code  Gb  ios.o [3]
std::ios_base::_Init()   0x800'42ad   0x1c  Code  Gb  ios.o [3]
std::ios_base::_Tidy()   0x800'42c9   0x38  Code  Gb  ios.o [3]
std::ios_base::clear(std::_Iosb<int>::_Iostate, bool)
                         0x800'4209   0x20  Code  Gb  ios.o [3]
std::ios_base::flags() const
                         0x800'3535    0x4  Code  Gb  main.o [1]
std::ios_base::good() const
                         0x800'44bd   0x14  Code  Gb  main.o [1]
std::ios_base::precision() const
                         0x800'40c5    0x4  Code  Gb  main.o [1]
std::ios_base::rdstate() const
                         0x800'4541    0x4  Code  Gb  main.o [1]
std::ios_base::width() const
                         0x800'36cb    0x4  Code  Gb  main.o [1]
std::ios_base::width(int)
                         0x800'372b    0x8  Code  Gb  main.o [1]
std::ios_base::~ios_base()
                         0x800'4229   0x24  Code  Gb  ios.o [3]
std::ios_base::~ios_base() [subobject]
                         0x800'41fd    0x2  Code  Gb  ios.o [3]
std::num_put<char, std::ostreambuf_iterator<char, std::char_traits<char>>> const & std::use_facet<std::num_put<char, std::ostreambuf_iterator<char, std::char_traits<char>>>>()
                         0x800'4429   0x20  Code  Gb  main.o [1]
std::num_put<char, std::ostreambuf_iterator<char, std::char_traits<char>>> const & std::use_facet<std::num_put<char, std::ostreambuf_iterator<char, std::char_traits<char>>>>()::_MyFacet
                        0x2000'02c8    0x4  Data  Gb  main.o [1]
std::num_put<char, std::ostreambuf_iterator<char, std::char_traits<char>>>::_Ffmt(char *, char, std::_Iosb<int>::_Fmtflags) const
                         0x800'40e9   0xd2  Code  Gb  main.o [1]
std::num_put<char, std::ostreambuf_iterator<char, std::char_traits<char>>>::_Fput(std::ostreambuf_iterator<char, std::char_traits<char>>, std::ios_base &, char, char const *, unsigned int, unsigned int, unsigned int, unsigned int) const
                         0x800'3289  0x2ac  Code  Gb  main.o [1]
std::num_put<char, std::ostreambuf_iterator<char, std::char_traits<char>>>::_Fput(std::ostreambuf_iterator<char, std::char_traits<char>>, std::ios_base &, char, char const *, unsigned int, unsigned int, unsigned int, unsigned int) const::string
                         0x800'4e54    0x4  Data  Gb  main.o [1]
std::num_put<char, std::ostreambuf_iterator<char, std::char_traits<char>>>::_Fput(std::ostreambuf_iterator<char, std::char_traits<char>>, std::ios_base &, char, char const *, unsigned int, unsigned int, unsigned int, unsigned int) const::string (instance 2)
                         0x800'4e58    0x4  Data  Gb  main.o [1]
std::num_put<char, std::ostreambuf_iterator<char, std::char_traits<char>>>::_Put(std::ostreambuf_iterator<char, std::char_traits<char>>, char const *, unsigned int) const
                         0x800'36fd   0x2e  Code  Gb  main.o [1]
std::num_put<char, std::ostreambuf_iterator<char, std::char_traits<char>>>::_Rep(std::ostreambuf_iterator<char, std::char_traits<char>>, char, unsigned int) const
                         0x800'36cf   0x2e  Code  Gb  main.o [1]
std::num_put<char, std::ostreambuf_iterator<char, std::char_traits<char>>>::do_put(std::ostreambuf_iterator<char, std::char_traits<char>>, std::ios_base &, char, double) const
                         0x800'3f35  0x190  Code  Gb  main.o [1]
std::num_put<char, std::ostreambuf_iterator<char, std::char_traits<char>>>::num_put()
                         0x800'4619    0xc  Code  Gb  main.o [1]
std::num_put<char, std::ostreambuf_iterator<char, std::char_traits<char>>>::num_put() [subobject]
                         0x800'45ab    0x8  Code  Gb  main.o [1]
std::num_put<char, std::ostreambuf_iterator<char, std::char_traits<char>>>::put(std::ostreambuf_iterator<char, std::char_traits<char>>, std::ios_base &, char, double) const
                         0x800'445b   0x18  Code  Gb  main.o [1]
std::numpunct<char> const & std::use_facet<std::numpunct<char>>()
                         0x800'35d1   0x30  Code  Gb  main.o [1]
std::numpunct<char> const & std::use_facet<std::numpunct<char>>()::_MyFacet
                        0x2000'02a4   0x14  Data  Gb  main.o [1]
std::numpunct<char>::_Init(bool)
                         0x800'3dcd   0x70  Code  Gb  main.o [1]
std::numpunct<char>::_Init(bool)::string
                         0x800'299e    0x1  Data  Gb  main.o [1]
std::numpunct<char>::_Init(bool)::string (instance 2)
                         0x800'4e34    0x8  Data  Gb  main.o [1]
std::numpunct<char>::_Init(bool)::string (instance 3)
                         0x800'4e3c    0x8  Data  Gb  main.o [1]
std::numpunct<char>::_Tidy()
                         0x800'4d79   0x18  Code  Gb  main.o [1]
std::numpunct<char>::decimal_point() const
                         0x800'36ab    0xa  Code  Gb  main.o [1]
std::numpunct<char>::do_decimal_point() const
                         0x800'4e5d    0x4  Code  Gb  main.o [1]
std::numpunct<char>::do_grouping() const
                         0x800'4e29    0xa  Code  Gb  main.o [1]
std::numpunct<char>::do_thousands_sep() const
                         0x800'4e61    0x4  Code  Gb  main.o [1]
std::numpunct<char>::grouping() const
                         0x800'3601    0xa  Code  Gb  main.o [1]
std::numpunct<char>::numpunct()
                         0x800'3cc1   0x28  Code  Gb  main.o [1]
std::numpunct<char>::numpunct() [subobject]
                         0x800'39f7    0x8  Code  Gb  main.o [1]
std::numpunct<char>::thousands_sep() const
                         0x800'360b    0xa  Code  Gb  main.o [1]
std::numpunct<char>::~numpunct()
                         0x800'4d61   0x18  Code  Gb  main.o [1]
std::numpunct<char>::~numpunct() [subobject]
                         0x800'4e07    0x8  Code  Gb  main.o [1]
std::operator &(std::_Iosb<int>::_Fmtflags, std::_Iosb<int>::_Fmtflags)
                         0x800'3539    0x6  Code  Gb  main.o [1]
std::operator |=(std::_Iosb<int>::_Iostate &, std::_Iosb<int>::_Iostate)
                         0x800'4477    0x8  Code  Gb  main.o [1]
std::ostream & std::endl<char, std::char_traits<char>>(std::ostream &)
                         0x800'4b95   0x2e  Code  Gb  main.o [1]
std::ostream::_Flush_sentry::_Flush_sentry(std::ostream&)
                         0x800'4565   0x28  Code  Gb  main.o [1]
std::ostream::_Flush_sentry::_Flush_sentry(std::ostream&) [subobject]
                         0x800'44b5    0x8  Code  Gb  main.o [1]
std::ostream::_Flush_sentry::operator bool() const
                         0x800'4425    0x4  Code  Gb  main.o [1]
std::ostream::_Flush_sentry::~_Flush_sentry()
                         0x800'4597   0x14  Code  Gb  main.o [1]
std::ostream::_Flush_sentry::~_Flush_sentry() [subobject]
                         0x800'455d    0x8  Code  Gb  main.o [1]
std::ostream::_Osfx()    0x800'45bb   0x54  Code  Gb  main.o [1]
std::ostream::_Sentry_base::_Sentry_base(std::ostream&)
                         0x800'4625   0x48  Code  Gb  main.o [1]
std::ostream::_Sentry_base::_Sentry_base(std::ostream&) [subobject]
                         0x800'45b3    0x8  Code  Gb  main.o [1]
std::ostream::_Sentry_base::~_Sentry_base()
                         0x800'466d   0x46  Code  Gb  main.o [1]
std::ostream::_Sentry_base::~_Sentry_base() [subobject]
                         0x800'460f    0x8  Code  Gb  main.o [1]
std::ostream::flush()    0x800'44d5   0x54  Code  Gb  main.o [1]
std::ostream::operator <<(double)
                         0x800'4305   0xae  Code  Gb  main.o [1]
std::ostream::operator <<(std::ostream&(*)(std::ostream&))
                         0x800'4a65    0x6  Code  Gb  main.o [1]
std::ostream::put(char)
                         0x800'48ab   0x76  Code  Gb  main.o [1]
std::ostream::sentry::sentry(std::ostream&)
                         0x800'43b3   0x72  Code  Gb  main.o [1]
std::ostream::sentry::~sentry()
                         0x800'44a7    0xe  Code  Gb  main.o [1]
std::ostream::~basic_ostream()
                         0x800'4e0f    0xe  Code  Gb  iostream_cout.o [3]
std::ostreambuf_iterator<char, std::char_traits<char>>::failed() const
                         0x800'4473    0x4  Code  Gb  main.o [1]
std::ostreambuf_iterator<char, std::char_traits<char>>::operator *()
                         0x800'3945    0x2  Code  Gb  main.o [1]
std::ostreambuf_iterator<char, std::char_traits<char>>::operator ++()
                         0x800'3975    0x2  Code  Gb  main.o [1]
std::ostreambuf_iterator<char, std::char_traits<char>>::operator =(char)
                         0x800'3947   0x2e  Code  Gb  main.o [1]
std::ostreambuf_iterator<char, std::char_traits<char>>::ostreambuf_iterator(std::streambuf *)
                         0x800'4453    0x8  Code  Gb  main.o [1]
std::remove_reference<char *&>::type && std::move<char *&>(char *& &&)
                         0x800'3d01    0x2  Code  Gb  main.o [1]
std::streambuf::_Lock()
                         0x800'27f7    0x2  Code  Gb  iostream_cout.o [3]
std::streambuf::_Pnavail() const
                         0x800'3d85   0x18  Code  Gb  main.o [1]
std::streambuf::_Pninc()
                         0x800'3d9d    0xe  Code  Gb  main.o [1]
std::streambuf::_Unlock()
                         0x800'2827    0x2  Code  Gb  iostream_cout.o [3]
std::streambuf::overflow(int)
                         0x800'2683    0x6  Code  Gb  iostream_cout.o [3]
std::streambuf::pubsync()
                         0x800'458d    0xa  Code  Gb  main.o [1]
std::streambuf::sputc(char)
                         0x800'3c39   0x32  Code  Gb  main.o [1]
std::streambuf::sync()   0x800'4e65    0x4  Code  Gb  iostream_cout.o [3]
std::string::_Chassign(unsigned int, unsigned int, char)
                         0x800'38dd   0x2a  Code  Gb  main.o [1]
std::string::_Copy(unsigned int, unsigned int)
                         0x800'3ab9   0xd6  Code  Gb  main.o [1]
std::string::_Eos(unsigned int)
                         0x800'3907   0x28  Code  Gb  main.o [1]
std::string::_Grow(unsigned int, bool)
                         0x800'3851   0x7a  Code  Gb  main.o [1]
std::string::_Inside(char const *)
                         0x800'4973   0x32  Code  Gb  main.o [1]
std::string::_Tidy(bool, unsigned int)
                         0x800'3765   0x7a  Code  Gb  main.o [1]
std::string::assign(char const *)
                         0x800'4c91   0x18  Code  Gb  main.o [1]
std::string::assign(char const *, unsigned int)
                         0x800'4921   0x52  Code  Gb  main.o [1]
std::string::assign(const std::string&, unsigned int, unsigned int)
                         0x800'47a1   0x7c  Code  Gb  main.o [1]
std::string::assign(unsigned int, char)
                         0x800'37df   0x3a  Code  Gb  main.o [1]
std::string::basic_string(char const *)
                         0x800'4c6d   0x24  Code  Gb  main.o [1]
std::string::basic_string(unsigned int, char)
                         0x800'3587   0x2a  Code  Gb  main.o [1]
std::string::erase(unsigned int)
                         0x800'481d   0x22  Code  Gb  main.o [1]
std::string::erase(unsigned int, unsigned int)
                         0x800'483f   0x6c  Code  Gb  main.o [1]
std::string::insert(unsigned int, unsigned int, char)
                         0x800'3615   0x96  Code  Gb  main.o [1]
std::string::max_size() const
                         0x800'3aa1   0x18  Code  Gb  main.o [1]
std::string::operator [](unsigned int)
                         0x800'35b1    0xc  Code  Gb  main.o [1]
std::string::operator [](unsigned int) const
                         0x800'36b5    0xc  Code  Gb  main.o [1]
std::string::size() const
                         0x800'36c1    0xa  Code  Gb  main.o [1]
std::string::~basic_string()
                         0x800'3733   0x12  Code  Gb  main.o [1]
strchr                   0x800'25ed         Code  Gb  strchr.o [5]
strcspn                  0x800'353f   0x22  Code  Gb  strcspn.o [2]
strlen                   0x800'264d         Code  Gb  strlen.o [5]
ttio_guard              0x2000'02e7    0x1  Data  Lc  XShttio.o [2]
void std::_Deallocate<char>(char *, unsigned int)
                         0x800'3dc5    0x8  Code  Gb  main.o [1]
void std::_Wrap_alloc<std::allocator<char>>::construct<char *, char *>(char * *, char * &&...)
                         0x800'3d03   0x18  Code  Gb  main.o [1]
void std::_Wrap_alloc<std::allocator<char>>::destroy<char *>(char * *)
                         0x800'39b3    0x8  Code  Gb  main.o [1]
void std::allocator<char>::construct<char *, char *>(char * *, char * &&...)
                         0x800'3ee5   0x20  Code  Gb  main.o [1]
void std::allocator<char>::destroy<char *>(char * *)
                         0x800'3dc3    0x2  Code  Gb  main.o [1]
void std::allocator_traits<std::allocator<char>>::construct<char *, char *>(std::allocator<char>&, char * *, char * &&...)
                         0x800'3e5b   0x18  Code  Gb  main.o [1]
void std::allocator_traits<std::allocator<char>>::destroy<char *>(std::allocator<char>&, char * *)
                         0x800'3ca7    0x8  Code  Gb  main.o [1]
void std::numpunct<char>::_Getvals<char>(char)
                         0x800'3eb3   0x1a  Code  Gb  main.o [1]


[1] = C:\Users\mircc\Desktop\Универ зло\4 курс\Колодий\Laba2\Debug\Obj
[2] = dl7M_tln.a
[3] = dlpp7M_tl_nc.a
[4] = m7M_tls.a
[5] = rt7M_tl.a
[6] = shb_l.a

  19'557 bytes of readonly  code memory
     515 bytes of readonly  data memory
  17'548 bytes of readwrite data memory

Errors: none
Warnings: none
